Component: ARM Compiler 5.05 (build 41) Tool: armlink [4d0eb9]

==============================================================================

Section Cross References

    arm_startup_nrf51.o(STACK) refers (Special) to heapauxi.o(.text) for __use_two_region_memory
    arm_startup_nrf51.o(HEAP) refers (Special) to heapauxi.o(.text) for __use_two_region_memory
    arm_startup_nrf51.o(RESET) refers (Special) to heapauxi.o(.text) for __use_two_region_memory
    arm_startup_nrf51.o(RESET) refers to arm_startup_nrf51.o(STACK) for __initial_sp
    arm_startup_nrf51.o(RESET) refers to arm_startup_nrf51.o(.text) for Reset_Handler
    arm_startup_nrf51.o(RESET) refers to app_gpiote.o(.text) for GPIOTE_IRQHandler
    arm_startup_nrf51.o(RESET) refers to app_timer.o(.text) for RTC1_IRQHandler
    arm_startup_nrf51.o(RESET) refers to softdevice_handler.o(.text) for SWI2_IRQHandler
    arm_startup_nrf51.o(.text) refers (Special) to heapauxi.o(.text) for __use_two_region_memory
    arm_startup_nrf51.o(.text) refers to system_nrf51.o(.text) for SystemInit
    arm_startup_nrf51.o(.text) refers to __main.o(!!!main) for __main
    arm_startup_nrf51.o(.text) refers to arm_startup_nrf51.o(HEAP) for Heap_Mem
    arm_startup_nrf51.o(.text) refers to arm_startup_nrf51.o(STACK) for Stack_Mem
    system_nrf51.o(.text) refers to system_nrf51.o(.data) for SystemCoreClock
    main.o(.text) refers to ls_y201.o(.text) for Get_Chunk_JPEG
    main.o(.text) refers to ble_lbs.o(.text) for ble_send_image
    main.o(.text) refers to twi_tmp_102.o(.text) for temp_meas_update
    main.o(.text) refers to fflti.o(.text) for __aeabi_ui2f
    main.o(.text) refers to flef.o(x$fpl$fleqf) for __aeabi_cfcmple
    main.o(.text) refers to ffixui.o(.text) for __aeabi_f2uiz
    main.o(.text) refers to app_timer.o(.text) for app_timer_init
    main.o(.text) refers to rt_memclr.o(.text) for __aeabi_memclr4
    main.o(.text) refers to ble_advdata.o(.text) for ble_advdata_set
    main.o(.text) refers to ble_conn_params.o(.text) for ble_conn_params_init
    main.o(.text) refers to app_button.o(.text) for app_button_enable
    main.o(.text) refers to main.o(.bss) for arr
    main.o(.text) refers to main.o(.data) for done_with_chunk
    main.o(.text) refers to main.o(.constdata) for .constdata
    main.o(.text) refers to rt_memcpy.o(.text) for __aeabi_memcpy
    main.o(.text) refers to pstorage.o(.text) for pstorage_sys_event_handler
    main.o(.text) refers to softdevice_handler.o(.text) for softdevice_handler_init
    main.o(.text) refers to app_scheduler.o(.text) for app_sched_init
    main.o(.text) refers to app_gpiote.o(.text) for app_gpiote_init
    main.o(.text) refers to twi_sw_master.o(.text) for twi_master_init
    main.o(.text) refers to simple_uart.o(.text) for simple_uart_config
    main.o(.data) refers to main.o(.text) for button_event_handler
    ble_srv_common.o(.text) refers to main.o(.text) for app_error_handler
    ble_srv_common.o(.text) refers to strlen.o(.text) for strlen
    ble_lbs.o(.text) refers to rt_memclr.o(.text) for __aeabi_memclr4
    ble_lbs.o(.text) refers to ble_lbs.o(.constdata) for .constdata
    twi_tmp_102.o(.text) refers to twi_sw_master.o(.text) for twi_master_transfer
    twi_tmp_102.o(.text) refers to fflti.o(.text) for __aeabi_i2f
    twi_tmp_102.o(.text) refers to fmul.o(x$fpl$fmul) for __aeabi_fmul
    twi_tmp_102.o(.text) refers to faddsub.o(x$fpl$fadd) for __aeabi_fadd
    twi_tmp_102.o(.text) refers to twi_tmp_102.o(.constdata) for command_access_config
    twi_sw_master.o(.text) refers to twi_sw_master.o(.emb_text) for __asm___15_twi_sw_master_c_959ec897__nrf_delay_us
    ls_y201.o(.text) refers to fmul.o(x$fpl$fmul) for __aeabi_fmul
    ls_y201.o(.text) refers to ffixui.o(.text) for __aeabi_f2uiz
    ls_y201.o(.text) refers to ls_y201.o(.emb_text) for __asm___9_LS_Y201_c_077bb765__nrf_delay_us
    ls_y201.o(.text) refers to simple_uart.o(.text) for simple_uart_get
    ls_y201.o(.text) refers to aeabi_sdiv.o(.text) for __aeabi_idivmod
    ls_y201.o(.text) refers to calloc.o(.text) for calloc
    ls_y201.o(.text) refers to ls_y201.o(.data) for RX_Init
    simple_uart.o(.text) refers to simple_uart.o(.emb_text) for __asm___13_simple_uart_c_5dda6715__nrf_delay_us
    ble_error_log.o(.text) refers to rt_memcpy.o(.emb_text) for __aeabi_memcpy4
    ble_error_log.o(.text) refers to strncpy.o(.text) for strncpy
    ble_error_log.o(.text) refers to arm_startup_nrf51.o(RESET) for __Vectors
    ble_error_log.o(.text) refers to ble_error_log.o(.bss) for m_ble_error_log
    pstorage.o(.text) refers to pstorage.o(i.__ARM_common_switch8) for __ARM_common_switch8
    pstorage.o(.text) refers to aeabi_sdiv.o(.text) for __aeabi_uidivmod
    pstorage.o(.text) refers to pstorage.o(.bss) for m_cmd_queue
    pstorage.o(.text) refers to pstorage.o(.data) for m_round_val
    pstorage.o(.text) refers to rt_memcpy.o(.text) for __aeabi_memcpy
    ble_advdata.o(.text) refers to rt_memcpy.o(.text) for __aeabi_memcpy
[...]
    Removing main.o(.emb_text), (30 bytes).
    Removing ble_srv_common.o(.text), (140 bytes).
    Removing twi_sw_master.o(.rev16_text), (4 bytes).
    Removing twi_sw_master.o(.revsh_text), (4 bytes).
    Removing ls_y201.o(.rev16_text), (4 bytes).
    Removing ls_y201.o(.revsh_text), (4 bytes).
    Removing simple_uart.o(.rev16_text), (4 bytes).
    Removing simple_uart.o(.revsh_text), (4 bytes).
    Removing ble_error_log.o(.rev16_text), (4 bytes).
    Removing ble_error_log.o(.revsh_text), (4 bytes).
    Removing ble_error_log.o(.text), (96 bytes).
    Removing ble_error_log.o(.bss), (392 bytes).
    Removing pstorage.o(.rev16_text), (4 bytes).
    Removing pstorage.o(.revsh_text), (4 bytes).
    Removing crc16.o(.text), (68 bytes).
    Removing app_scheduler.o(.rev16_text), (4 bytes).
    Removing app_scheduler.o(.revsh_text), (4 bytes).
    Removing app_timer.o(.rev16_text), (4 bytes).
    Removing app_timer.o(.revsh_text), (4 bytes).
    Removing softdevice_handler.o(.rev16_text), (4 bytes).
    Removing softdevice_handler.o(.revsh_text), (4 bytes).
    Removing app_button.o(.rev16_text), (4 bytes).
    Removing app_button.o(.revsh_text), (4 bytes).
    Removing app_gpiote.o(.rev16_text), (4 bytes).
    Removing app_gpiote.o(.revsh_text), (4 bytes).
    Removing ble_debug_assert_handler.o(.rev16_text), (4 bytes).
    Removing ble_debug_assert_handler.o(.revsh_text), (4 bytes).
    Removing ble_debug_assert_handler.o(.text), (60 bytes).
    Removing ble_debug_assert_handler.o(.bss), (128 bytes).
    Removing ble_debug_assert_handler.o(.data), (8 bytes).

34 unused section(s) (total 1026 bytes) removed from the image.

==============================================================================

Image Symbol Table

    Local Symbols

    Symbol Name                              Value     Ov Type        Size  Object(Section)

    ../clib/../cmprslib/zerorunl2.c          0x00000000   Number         0  __dczerorl2.o ABSOLUTE
    ../clib/angel/boardlib.s                 0x00000000   Number         0  boardshut.o ABSOLUTE
    ../clib/angel/boardlib.s                 0x00000000   Number         0  boardinit1.o ABSOLUTE
    ../clib/angel/boardlib.s                 0x00000000   Number         0  boardinit2.o ABSOLUTE
    ../clib/angel/boardlib.s                 0x00000000   Number         0  boardinit3.o ABSOLUTE
    ../clib/angel/kernel.s                   0x00000000   Number         0  __rtentry.o ABSOLUTE
    ../clib/angel/kernel.s                   0x00000000   Number         0  rtexit2.o ABSOLUTE
    ../clib/angel/kernel.s                   0x00000000   Number         0  rtexit.o ABSOLUTE
    ../clib/angel/kernel.s                   0x00000000   Number         0  __rtentry4.o ABSOLUTE
    ../clib/angel/kernel.s                   0x00000000   Number         0  __rtentry2.o ABSOLUTE
    ../clib/angel/rt.s                       0x00000000   Number         0  aeabi_idiv0_sigfpe.o ABSOLUTE
    ../clib/angel/rt.s                       0x00000000   Number         0  rt_raise.o ABSOLUTE
    ../clib/angel/rt.s                       0x00000000   Number         0  rt_heap_descriptor_intlibspace.o ABSOLUTE
    ../clib/angel/rt.s                       0x00000000   Number         0  rt_heap_descriptor.o ABSOLUTE
    ../clib/angel/rt.s                       0x00000000   Number         0  rt_div0.o ABSOLUTE
    ../clib/angel/rt.s                       0x00000000   Number         0  aeabi_idiv0.o ABSOLUTE
    ../clib/angel/scatterp.s                 0x00000000   Number         0  __scatter.o ABSOLUTE
    ../clib/angel/startup.s                  0x00000000   Number         0  __main.o ABSOLUTE
    ../clib/angel/sys.s                      0x00000000   Number         0  tempstk.o ABSOLUTE
    ../clib/angel/sys.s                      0x00000000   Number         0  use_no_semi.o ABSOLUTE
    ../clib/angel/sys.s                      0x00000000   Number         0  libspace.o ABSOLUTE
    ../clib/angel/sys.s                      0x00000000   Number         0  indicate_semi.o ABSOLUTE
    ../clib/angel/sys.s                      0x00000000   Number         0  sys_stackheap_outer.o ABSOLUTE
    ../clib/angel/sys.s                      0x00000000   Number         0  mutex_dummy.o ABSOLUTE
    ../clib/angel/sysapp.c                   0x00000000   Number         0  sys_exit.o ABSOLUTE
    ../clib/angel/sysapp.c                   0x00000000   Number         0  sys_wrch.o ABSOLUTE
    ../clib/angel/sysapp.c                   0x00000000   Number         0  sys_command.o ABSOLUTE
    ../clib/armsys.c                         0x00000000   Number         0  argv_veneer.o ABSOLUTE
    ../clib/armsys.c                         0x00000000   Number         0  _get_argv_nomalloc.o ABSOLUTE
    ../clib/armsys.c                         0x00000000   Number         0  _get_argv.o ABSOLUTE
    ../clib/armsys.c                         0x00000000   Number         0  no_argv.o ABSOLUTE
    ../clib/division.s                       0x00000000   Number         0  aeabi_sdiv_div0.o ABSOLUTE
    ../clib/division.s                       0x00000000   Number         0  aeabi_sdiv.o ABSOLUTE
    ../clib/heap1.c                          0x00000000   Number         0  h1_free_mt.o ABSOLUTE
    ../clib/heap1.c                          0x00000000   Number         0  h1_final.o ABSOLUTE
    ../clib/heap1.c                          0x00000000   Number         0  h1_extend_mt.o ABSOLUTE
    ../clib/heap1.c                          0x00000000   Number         0  h1_init.o ABSOLUTE
    ../clib/heap1.c                          0x00000000   Number         0  h1_final_mt.o ABSOLUTE
    ../clib/heap1.c                          0x00000000   Number         0  h1_extend.o ABSOLUTE
    ../clib/heap1.c                          0x00000000   Number         0  h1_free.o ABSOLUTE
    ../clib/heap1.c                          0x00000000   Number         0  h1_init_mt.o ABSOLUTE
    ../clib/heap1.c                          0x00000000   Number         0  h1_alloc_mt.o ABSOLUTE
    ../clib/heap1.c                          0x00000000   Number         0  h1_alloc.o ABSOLUTE
    ../clib/heap2.c                          0x00000000   Number         0  heap2mt.o ABSOLUTE
    ../clib/heap2.c                          0x00000000   Number         0  heap2.o ABSOLUTE
    ../clib/heap2.c                          0x00000000   Number         0  fdtree.o ABSOLUTE
    ../clib/heapalloc.c                      0x00000000   Number         0  malloc.o ABSOLUTE
    ../clib/heapalloc.c                      0x00000000   Number         0  heapstubs.o ABSOLUTE
    ../clib/heapalloc.c                      0x00000000   Number         0  free.o ABSOLUTE
    ../clib/heapalloc.c                      0x00000000   Number         0  maybetermalloc2.o ABSOLUTE
    ../clib/heapalloc.c                      0x00000000   Number         0  maybetermalloc2.o ABSOLUTE
    ../clib/heapalloc.c                      0x00000000   Number         0  hguard.o ABSOLUTE
    ../clib/heapalloc.c                      0x00000000   Number         0  init_alloc.o ABSOLUTE
    ../clib/heapalloc.c                      0x00000000   Number         0  maybetermalloc1.o ABSOLUTE
    ../clib/heapalloc.c                      0x00000000   Number         0  maybetermalloc1.o ABSOLUTE
    ../clib/heapalloc.c                      0x00000000   Number         0  hrguard.o ABSOLUTE
    ../clib/heapalloc.c                      0x00000000   Number         0  calloc.o ABSOLUTE
    ../clib/heapalloc.c                      0x00000000   Number         0  term_alloc.o ABSOLUTE
    ../clib/heapaux.c                        0x00000000   Number         0  heapauxi.o ABSOLUTE
    ../clib/heapaux.c                        0x00000000   Number         0  heapauxa.o ABSOLUTE
    ../clib/libinit.s                        0x00000000   Number         0  libshutdown2.o ABSOLUTE
    ../clib/libinit.s                        0x00000000   Number         0  libinit.o ABSOLUTE
    ../clib/libinit.s                        0x00000000   Number         0  libshutdown.o ABSOLUTE
    ../clib/libinit.s                        0x00000000   Number         0  libinit2.o ABSOLUTE
    ../clib/memcpset.c                       0x00000000   Number         0  rt_memcpy.o ABSOLUTE
    ../clib/memcpset.c                       0x00000000   Number         0  rt_memclr.o ABSOLUTE
    ../clib/memcpset.c                       0x00000000   Number         0  rt_memcpy.o ABSOLUTE
    ../clib/signal.c                         0x00000000   Number         0  defsig_stak_inner.o ABSOLUTE
    ../clib/signal.c                         0x00000000   Number         0  defsig_abrt_inner.o ABSOLUTE
    ../clib/signal.c                         0x00000000   Number         0  defsig_fpe_inner.o ABSOLUTE
    ../clib/signal.c                         0x00000000   Number         0  defsig_exit.o ABSOLUTE
    ../clib/signal.c                         0x00000000   Number         0  defsig_rtred_inner.o ABSOLUTE
    ../clib/signal.c                         0x00000000   Number         0  defsig_fpe_formal.o ABSOLUTE
    ../clib/signal.c                         0x00000000   Number         0  defsig_fpe_outer.o ABSOLUTE
    ../clib/signal.c                         0x00000000   Number         0  defsig_rtmem_inner.o ABSOLUTE
    ../clib/signal.c                         0x00000000   Number         0  defsig_other.o ABSOLUTE
    ../clib/signal.c                         0x00000000   Number         0  defsig_segv_inner.o ABSOLUTE
    ../clib/signal.c                         0x00000000   Number         0  defsig_cppl_inner.o ABSOLUTE
    ../clib/signal.c                         0x00000000   Number         0  __raise.o ABSOLUTE
    ../clib/signal.c                         0x00000000   Number         0  defsig_general.o ABSOLUTE
    ../clib/signal.c                         0x00000000   Number         0  defsig_pvfn_inner.o ABSOLUTE
    ../clib/signal.c                         0x00000000   Number         0  defsig_rtmem_formal.o ABSOLUTE
    ../clib/signal.c                         0x00000000   Number         0  defsig_rtmem_outer.o ABSOLUTE
    ../clib/signal.s                         0x00000000   Number         0  defsig.o ABSOLUTE
    ../clib/stdlib.c                         0x00000000   Number         0  exit.o ABSOLUTE
    ../clib/string.c                         0x00000000   Number         0  strlen.o ABSOLUTE
    ../clib/string.c                         0x00000000   Number         0  strncpy.o ABSOLUTE
    ../fplib/cfplib/cmpret.c                 0x00000000   Number         0  cmpret.o ABSOLUTE
    ../fplib/cfplib/fcmpin.c                 0x00000000   Number         0  fcmpin.o ABSOLUTE
    ../fplib/cfplib/ffix.c                   0x00000000   Number         0  ffixui.o ABSOLUTE
    ../fplib/cfplib/fflt.c                   0x00000000   Number         0  fflti.o ABSOLUTE
    ../fplib/cfplib/fpinit.c                 0x00000000   Number         0  fpinit.o ABSOLUTE
    ../fplib/cfplib/nan2.c                   0x00000000   Number         0  fnan2.o ABSOLUTE
    ../fplib/cfplib/retnan.c                 0x00000000   Number         0  retnan.o ABSOLUTE
    ../fplib/faddsub6m.s                     0x00000000   Number         0  faddsub.o ABSOLUTE
    ../fplib/fleqf6m.s                       0x00000000   Number         0  flef.o ABSOLUTE
    ../fplib/fmul6m.s                        0x00000000   Number         0  fmul.o ABSOLUTE
    ../fplib/usenofp.s                       0x00000000   Number         0  usenofp.o ABSOLUTE
    ..\..\..\..\..\..\Source\ble\ble_services\ble_srv_common.c 0x00000000   Number         0  ble_srv_common.o ABSOLUTE
    ..\..\..\..\..\..\Source\simple_uart\simple_uart.c 0x00000000   Number         0  simple_uart.o ABSOLUTE
    ..\LS_Y201.c                             0x00000000   Number         0  ls_y201.o ABSOLUTE
    ..\\..\\..\\..\\..\\..\\Source\\simple_uart\\simple_uart.c 0x00000000   Number         0  simple_uart.o ABSOLUTE
    ..\\LS_Y201.c                            0x00000000   Number         0  ls_y201.o ABSOLUTE
    ..\\main.c                               0x00000000   Number         0  main.o ABSOLUTE
    ..\\twi_sw_master.c                      0x00000000   Number         0  twi_sw_master.o ABSOLUTE
    ..\main.c                                0x00000000   Number         0  main.o ABSOLUTE
    ..\twi_TMP_102.c                         0x00000000   Number         0  twi_tmp_102.o ABSOLUTE
    ..\twi_sw_master.c                       0x00000000   Number         0  twi_sw_master.o ABSOLUTE
    RTE\Device\nRF51822_xxAA\arm_startup_nrf51.s 0x00000000   Number         0  arm_startup_nrf51.o ABSOLUTE
    RTE\Device\nRF51822_xxAA\system_nrf51.c  0x00000000   Number         0  system_nrf51.o ABSOLUTE
    RTE\\Device\\nRF51822_xxAA\\system_nrf51.c 0x00000000   Number         0  system_nrf51.o ABSOLUTE
    app_button.c                             0x00000000   Number         0  app_button.o ABSOLUTE
    app_button.c                             0x00000000   Number         0  app_button.o ABSOLUTE
    app_gpiote.c                             0x00000000   Number         0  app_gpiote.o ABSOLUTE
    app_gpiote.c                             0x00000000   Number         0  app_gpiote.o ABSOLUTE
    app_scheduler.c                          0x00000000   Number         0  app_scheduler.o ABSOLUTE
    app_scheduler.c                          0x00000000   Number         0  app_scheduler.o ABSOLUTE
    app_timer.c                              0x00000000   Number         0  app_timer.o ABSOLUTE
    app_timer.c                              0x00000000   Number         0  app_timer.o ABSOLUTE
    ble_advdata.c                            0x00000000   Number         0  ble_advdata.o ABSOLUTE
    ble_conn_params.c                        0x00000000   Number         0  ble_conn_params.o ABSOLUTE
    ble_debug_assert_handler.c               0x00000000   Number         0  ble_debug_assert_handler.o ABSOLUTE
    ble_debug_assert_handler.c               0x00000000   Number         0  ble_debug_assert_handler.o ABSOLUTE
    ble_error_log.c                          0x00000000   Number         0  ble_error_log.o ABSOLUTE
    ble_error_log.c                          0x00000000   Number         0  ble_error_log.o ABSOLUTE
    ble_lbs.c                                0x00000000   Number         0  ble_lbs.o ABSOLUTE
    crc16.c                                  0x00000000   Number         0  crc16.o ABSOLUTE
    dc.s                                     0x00000000   Number         0  dc.o ABSOLUTE
    pstorage.c                               0x00000000   Number         0  pstorage.o ABSOLUTE
    pstorage.c                               0x00000000   Number         0  pstorage.o ABSOLUTE
    softdevice_handler.c                     0x00000000   Number         0  softdevice_handler.o ABSOLUTE
    softdevice_handler.c                     0x00000000   Number         0  softdevice_handler.o ABSOLUTE
    RESET                                    0x00016000   Section      192  arm_startup_nrf51.o(RESET)
    !!!main                                  0x000160c0   Section        8  __main.o(!!!main)
    !!!scatter                               0x000160c8   Section       60  __scatter.o(!!!scatter)
    .ARM.Collect$$libinit$$00000000          0x00016104   Section        2  libinit.o(.ARM.Collect$$libinit$$00000000)
    .ARM.Collect$$libinit$$00000002          0x00016106   Section        0  libinit2.o(.ARM.Collect$$libinit$$00000002)
    .ARM.Collect$$libinit$$00000004          0x00016106   Section        0  libinit2.o(.ARM.Collect$$libinit$$00000004)
    .ARM.Collect$$libinit$$00000005          0x00016106   Section        8  libinit2.o(.ARM.Collect$$libinit$$00000005)
    .ARM.Collect$$libinit$$0000000A          0x0001610e   Section        0  libinit2.o(.ARM.Collect$$libinit$$0000000A)
    .ARM.Collect$$libinit$$0000000C          0x0001610e   Section        0  libinit2.o(.ARM.Collect$$libinit$$0000000C)
    .ARM.Collect$$libinit$$0000000E          0x0001610e   Section        0  libinit2.o(.ARM.Collect$$libinit$$0000000E)
    .ARM.Collect$$libinit$$00000011          0x0001610e   Section        0  libinit2.o(.ARM.Collect$$libinit$$00000011)
    .ARM.Collect$$libinit$$00000013          0x0001610e   Section        0  libinit2.o(.ARM.Collect$$libinit$$00000013)
    .ARM.Collect$$libinit$$00000015          0x0001610e   Section        0  libinit2.o(.ARM.Collect$$libinit$$00000015)
    .ARM.Collect$$libinit$$00000017          0x0001610e   Section        0  libinit2.o(.ARM.Collect$$libinit$$00000017)
    .ARM.Collect$$libinit$$00000019          0x0001610e   Section        0  libinit2.o(.ARM.Collect$$libinit$$00000019)
    .ARM.Collect$$libinit$$0000001B          0x0001610e   Section        0  libinit2.o(.ARM.Collect$$libinit$$0000001B)
    .ARM.Collect$$libinit$$0000001D          0x0001610e   Section        0  libinit2.o(.ARM.Collect$$libinit$$0000001D)
    .ARM.Collect$$libinit$$0000001F          0x0001610e   Section        0  libinit2.o(.ARM.Collect$$libinit$$0000001F)
    .ARM.Collect$$libinit$$00000021          0x0001610e   Section        0  libinit2.o(.ARM.Collect$$libinit$$00000021)
    .ARM.Collect$$libinit$$00000023          0x0001610e   Section        0  libinit2.o(.ARM.Collect$$libinit$$00000023)
    .ARM.Collect$$libinit$$00000025          0x0001610e   Section        0  libinit2.o(.ARM.Collect$$libinit$$00000025)
    .ARM.Collect$$libinit$$0000002C          0x0001610e   Section        0  libinit2.o(.ARM.Collect$$libinit$$0000002C)
    .ARM.Collect$$libinit$$0000002E          0x0001610e   Section        0  libinit2.o(.ARM.Collect$$libinit$$0000002E)
    .ARM.Collect$$libinit$$00000030          0x0001610e   Section        0  libinit2.o(.ARM.Collect$$libinit$$00000030)
    .ARM.Collect$$libinit$$00000032          0x0001610e   Section        0  libinit2.o(.ARM.Collect$$libinit$$00000032)
    .ARM.Collect$$libinit$$00000033          0x0001610e   Section        2  libinit2.o(.ARM.Collect$$libinit$$00000033)
    .ARM.Collect$$libshutdown$$00000000      0x00016110   Section        2  libshutdown.o(.ARM.Collect$$libshutdown$$00000000)
    .ARM.Collect$$libshutdown$$00000003      0x00016112   Section        0  libshutdown2.o(.ARM.Collect$$libshutdown$$00000003)
    .ARM.Collect$$libshutdown$$00000006      0x00016112   Section        0  libshutdown2.o(.ARM.Collect$$libshutdown$$00000006)
    .ARM.Collect$$libshutdown$$00000009      0x00016112   Section        0  libshutdown2.o(.ARM.Collect$$libshutdown$$00000009)
    .ARM.Collect$$libshutdown$$0000000B      0x00016112   Section        0  libshutdown2.o(.ARM.Collect$$libshutdown$$0000000B)
    .ARM.Collect$$libshutdown$$0000000E      0x00016112   Section        0  libshutdown2.o(.ARM.Collect$$libshutdown$$0000000E)
    .ARM.Collect$$libshutdown$$0000000F      0x00016112   Section        2  libshutdown2.o(.ARM.Collect$$libshutdown$$0000000F)
    .ARM.Collect$$rtentry$$00000000          0x00016114   Section        0  __rtentry.o(.ARM.Collect$$rtentry$$00000000)
    .ARM.Collect$$rtentry$$00000002          0x00016114   Section        0  __rtentry2.o(.ARM.Collect$$rtentry$$00000002)
    .ARM.Collect$$rtentry$$00000004          0x00016114   Section        6  __rtentry4.o(.ARM.Collect$$rtentry$$00000004)
    .ARM.Collect$$rtentry$$00000009          0x0001611a   Section        0  __rtentry2.o(.ARM.Collect$$rtentry$$00000009)
    .ARM.Collect$$rtentry$$0000000A          0x0001611a   Section        4  __rtentry2.o(.ARM.Collect$$rtentry$$0000000A)
    .ARM.Collect$$rtentry$$0000000C          0x0001611e   Section        0  __rtentry2.o(.ARM.Collect$$rtentry$$0000000C)
    .ARM.Collect$$rtentry$$0000000D          0x0001611e   Section        8  __rtentry2.o(.ARM.Collect$$rtentry$$0000000D)
    .ARM.Collect$$rtexit$$00000000           0x00016126   Section        2  rtexit.o(.ARM.Collect$$rtexit$$00000000)
    .ARM.Collect$$rtexit$$00000002           0x00016128   Section        0  rtexit2.o(.ARM.Collect$$rtexit$$00000002)
    .ARM.Collect$$rtexit$$00000003           0x00016128   Section        4  rtexit2.o(.ARM.Collect$$rtexit$$00000003)
    .ARM.Collect$$rtexit$$00000004           0x0001612c   Section        6  rtexit2.o(.ARM.Collect$$rtexit$$00000004)
    .emb_text                                0x00016134   Section       30  twi_sw_master.o(.emb_text)
    .emb_text                                0x00016154   Section       30  ls_y201.o(.emb_text)
    .emb_text                                0x00016174   Section       30  simple_uart.o(.emb_text)
    .emb_text                                0x00016194   Section       30  app_timer.o(.emb_text)
    .emb_text                                0x000161b4   Section       56  rt_memcpy.o(.emb_text)
    .emb_text                                0x000161ec   Section        0  maybetermalloc1.o(.emb_text)
    .text                                    0x000161ec   Section       84  arm_startup_nrf51.o(.text)
    .text                                    0x00016240   Section        0  system_nrf51.o(.text)
    is_disabled_in_debug_needed              0x00016249   Thumb Code    52  system_nrf51.o(.text)
    is_manual_peripheral_setup_needed        0x0001627d   Thumb Code   104  system_nrf51.o(.text)
    .text                                    0x00016328   Section        0  main.o(.text)
    temp_level_meas_timeout_handler          0x0001633f   Thumb Code   180  main.o(.text)
    leds_init                                0x00016401   Thumb Code    22  main.o(.text)
    timers_init                              0x00016417   Thumb Code    82  main.o(.text)
    gap_params_init                          0x00016469   Thumb Code   120  main.o(.text)
    advertising_init                         0x000164e1   Thumb Code   104  main.o(.text)
    led_write_handler                        0x00016549   Thumb Code    12  main.o(.text)
    services_init                            0x00016555   Thumb Code    42  main.o(.text)
    sec_params_init                          0x0001657f   Thumb Code    66  main.o(.text)
    on_conn_params_evt                       0x000165c1   Thumb Code    46  main.o(.text)
    conn_params_error_handler                0x000165ef   Thumb Code    16  main.o(.text)
    conn_params_init                         0x000165ff   Thumb Code    82  main.o(.text)
    advertising_start                        0x00016651   Thumb Code    74  main.o(.text)
    on_ble_evt                               0x0001669b   Thumb Code   534  main.o(.text)
    ble_evt_dispatch                         0x000168b1   Thumb Code    26  main.o(.text)
    sys_evt_dispatch                         0x000168cb   Thumb Code    12  main.o(.text)
    ble_stack_init                           0x000168d7   Thumb Code   154  main.o(.text)
    scheduler_init                           0x00016971   Thumb Code    44  main.o(.text)
    button_event_handler                     0x0001699d   Thumb Code    78  main.o(.text)
    gpiote_init                              0x000169eb   Thumb Code    42  main.o(.text)
    buttons_init                             0x00016a15   Thumb Code    46  main.o(.text)
    application_timers_start                 0x00016a43   Thumb Code    44  main.o(.text)
    power_manage                             0x00016a6f   Thumb Code    32  main.o(.text)
    nrf_gpio_cfg_output                      0x00016afb   Thumb Code    18  main.o(.text)
    nrf_gpio_pin_set                         0x00016b0d   Thumb Code    10  main.o(.text)
    nrf_gpio_pin_clear                       0x00016b17   Thumb Code    10  main.o(.text)
    app_timer_evt_schedule                   0x00016b21   Thumb Code    22  main.o(.text)
    app_button_evt_schedule                  0x00016b37   Thumb Code    26  main.o(.text)
    app_timer_evt_get                        0x00016b51   Thumb Code    48  main.o(.text)
    app_button_evt_get                       0x00016b81   Thumb Code   182  main.o(.text)
    .text                                    0x00016c6c   Section        0  ble_lbs.o(.text)
    on_connect                               0x00016c6d   Thumb Code     6  ble_lbs.o(.text)
    on_disconnect                            0x00016c73   Thumb Code     8  ble_lbs.o(.text)
    on_write                                 0x00016c7b   Thumb Code    38  ble_lbs.o(.text)
    user_input_write_char_add                0x00016cdb   Thumb Code   320  ble_lbs.o(.text)
    image_char_add                           0x00016e1b   Thumb Code   318  ble_lbs.o(.text)
    led_char_add                             0x00016f59   Thumb Code   316  ble_lbs.o(.text)
    button_char_add                          0x00017095   Thumb Code   312  ble_lbs.o(.text)
    .text                                    0x000172f8   Section        0  twi_tmp_102.o(.text)
    tmp_102_config_read                      0x000172f9   Thumb Code    46  twi_tmp_102.o(.text)
    .text                                    0x00017440   Section        0  twi_sw_master.o(.text)
    twi_master_clear_bus                     0x00017441   Thumb Code   142  twi_sw_master.o(.text)
    twi_master_wait_while_scl_low            0x00017515   Thumb Code    38  twi_sw_master.o(.text)
    twi_master_issue_stopcondition           0x0001753b   Thumb Code    52  twi_sw_master.o(.text)
    twi_master_clock_byte                    0x0001756f   Thumb Code   176  twi_sw_master.o(.text)
    twi_master_clock_byte_in                 0x0001761f   Thumb Code   156  twi_sw_master.o(.text)
    twi_master_issue_startcondition          0x000176bb   Thumb Code    70  twi_sw_master.o(.text)
    .text                                    0x00017788   Section        0  ls_y201.o(.text)
    nrf_gpio_pin_set                         0x00017da9   Thumb Code    10  ls_y201.o(.text)
    nrf_gpio_pin_clear                       0x00017db3   Thumb Code    10  ls_y201.o(.text)
    .text                                    0x00017dcc   Section        0  simple_uart.o(.text)
    nrf_gpio_cfg_output                      0x00017eb7   Thumb Code    18  simple_uart.o(.text)
    nrf_gpio_cfg_input                       0x00017ec9   Thumb Code    20  simple_uart.o(.text)
    .text                                    0x00017eec   Section        0  pstorage.o(.text)
    cmd_queue_element_init                   0x00017eed   Thumb Code    56  pstorage.o(.text)
    cmd_queue_init                           0x00017f25   Thumb Code    40  pstorage.o(.text)
    swap_state_process                       0x00017f4d   Thumb Code   274  pstorage.o(.text)
    cmd_process                              0x0001805f   Thumb Code   362  pstorage.o(.text)
    cmd_queue_enqueue                        0x000181c9   Thumb Code   144  pstorage.o(.text)
    app_notify                               0x00018259   Thumb Code    94  pstorage.o(.text)
    cmd_queue_dequeue                        0x000182b7   Thumb Code    54  pstorage.o(.text)
    is_word_aligned                          0x00018999   Thumb Code    18  pstorage.o(.text)
    .text                                    0x000189b8   Section        0  ble_advdata.o(.text)
    name_encode                              0x000189b9   Thumb Code   150  ble_advdata.o(.text)
    appearance_encode                        0x00018a4f   Thumb Code    74  ble_advdata.o(.text)
    uint8_array_encode                       0x00018a99   Thumb Code    82  ble_advdata.o(.text)
    tx_power_level_encode                    0x00018aeb   Thumb Code    48  ble_advdata.o(.text)
    uuid_list_sized_encode                   0x00018b1b   Thumb Code   196  ble_advdata.o(.text)
    uuid_list_encode                         0x00018bdf   Thumb Code    64  ble_advdata.o(.text)
    conn_int_check                           0x00018c1f   Thumb Code    88  ble_advdata.o(.text)
    conn_int_encode                          0x00018c77   Thumb Code    92  ble_advdata.o(.text)
    manuf_specific_data_encode               0x00018cd3   Thumb Code   106  ble_advdata.o(.text)
    service_data_encode                      0x00018d3d   Thumb Code   140  ble_advdata.o(.text)
    adv_data_encode                          0x00018dc9   Thumb Code   302  ble_advdata.o(.text)
    advdata_check                            0x00018ef7   Thumb Code    34  ble_advdata.o(.text)
    srdata_check                             0x00018f19   Thumb Code    16  ble_advdata.o(.text)
    uint16_encode                            0x00018fa3   Thumb Code    18  ble_advdata.o(.text)
    .text                                    0x00018fb8   Section        0  app_scheduler.o(.text)
    app_sched_event_get                      0x000190e9   Thumb Code    84  app_scheduler.o(.text)
    current_int_priority_get                 0x0001915b   Thumb Code    84  app_scheduler.o(.text)
    next_index                               0x000191af   Thumb Code    20  app_scheduler.o(.text)
    .text                                    0x000191f8   Section        0  app_timer.o(.text)
    NVIC_SetPriority                         0x000191f9   Thumb Code   110  app_timer.o(.text)
    rtc1_init                                0x00019267   Thumb Code    18  app_timer.o(.text)
    rtc1_start                               0x00019279   Thumb Code    48  app_timer.o(.text)
    rtc1_stop                                0x000192a9   Thumb Code    68  app_timer.o(.text)
    timer_list_insert                        0x000192ed   Thumb Code   212  app_timer.o(.text)
    timer_list_remove                        0x000193c1   Thumb Code   170  app_timer.o(.text)
    timer_timeouts_check_sched               0x0001946b   Thumb Code    10  app_timer.o(.text)
    timer_list_handler_sched                 0x00019475   Thumb Code    10  app_timer.o(.text)
    timeout_handler_exec                     0x0001947f   Thumb Code    60  app_timer.o(.text)
    timer_timeouts_check                     0x000194bb   Thumb Code   132  app_timer.o(.text)
    elapsed_ticks_acquire                    0x0001953f   Thumb Code    82  app_timer.o(.text)
    list_deletions_handler                   0x00019591   Thumb Code   248  app_timer.o(.text)
    expired_timers_handler                   0x00019689   Thumb Code   100  app_timer.o(.text)
    list_insertions_handler                  0x000196ed   Thumb Code   264  app_timer.o(.text)
    compare_reg_update                       0x000197f5   Thumb Code   124  app_timer.o(.text)
    timer_list_handler                       0x00019871   Thumb Code    70  app_timer.o(.text)
    user_op_enque                            0x000198b7   Thumb Code     4  app_timer.o(.text)
    user_op_alloc                            0x000198bb   Thumb Code    44  app_timer.o(.text)
    timer_start_op_schedule                  0x000198e7   Thumb Code    80  app_timer.o(.text)
    timer_stop_op_schedule                   0x00019937   Thumb Code    58  app_timer.o(.text)
    timer_stop_all_op_schedule               0x00019971   Thumb Code    58  app_timer.o(.text)
    user_id_get                              0x00019b3b   Thumb Code    34  app_timer.o(.text)
    NVIC_EnableIRQ                           0x00019c39   Thumb Code    14  app_timer.o(.text)
    NVIC_SetPendingIRQ                       0x00019c47   Thumb Code    14  app_timer.o(.text)
    NVIC_ClearPendingIRQ                     0x00019c55   Thumb Code    16  app_timer.o(.text)
    current_int_priority_get                 0x00019c65   Thumb Code    84  app_timer.o(.text)
    rtc1_counter_get                         0x00019cb9   Thumb Code     6  app_timer.o(.text)
    ticks_diff_get                           0x00019cbf   Thumb Code    10  app_timer.o(.text)
    .text                                    0x00019cf8   Section        0  ble_conn_params.o(.text)
    is_conn_params_ok                        0x00019cf9   Thumb Code    30  ble_conn_params.o(.text)
    update_timeout_handler                   0x00019d17   Thumb Code   136  ble_conn_params.o(.text)
    conn_params_negotiation                  0x00019e05   Thumb Code   126  ble_conn_params.o(.text)
    on_connect                               0x00019e83   Thumb Code    42  ble_conn_params.o(.text)
    on_disconnect                            0x00019ead   Thumb Code    50  ble_conn_params.o(.text)
    on_write                                 0x00019edf   Thumb Code    84  ble_conn_params.o(.text)
    on_conn_params_update                    0x00019f33   Thumb Code    20  ble_conn_params.o(.text)
    .text                                    0x0001a000   Section        0  softdevice_handler.o(.text)
    .text                                    0x0001a1b4   Section        0  app_button.o(.text)
    button_handler_execute                   0x0001a1b5   Thumb Code    82  app_button.o(.text)
    detection_delay_timeout_handler          0x0001a207   Thumb Code   144  app_button.o(.text)
    gpiote_event_handler                     0x0001a297   Thumb Code    52  app_button.o(.text)
    .text                                    0x0001a430   Section        0  app_gpiote.o(.text)
    sense_level_toggle                       0x0001a431   Thumb Code   128  app_gpiote.o(.text)
    pins_sense_disable                       0x0001a54f   Thumb Code    98  app_gpiote.o(.text)
    NVIC_SetPriority                         0x0001a807   Thumb Code   110  app_gpiote.o(.text)
    .text                                    0x0001a89c   Section        0  calloc.o(.text)
    .text                                    0x0001a8c8   Section        0  rt_memcpy.o(.text)
    .text                                    0x0001a94a   Section        0  rt_memclr.o(.text)
    .text                                    0x0001a98a   Section      346  aeabi_sdiv.o(.text)
    .text                                    0x0001aae4   Section        0  heapauxi.o(.text)
    .text                                    0x0001aaea   Section        0  ffixui.o(.text)
    .text                                    0x0001ab1a   Section        0  fflti.o(.text)
    .text                                    0x0001ab78   Section        0  h1_alloc.o(.text)
    .text                                    0x0001abdc   Section        0  fcmpin.o(.text)
    .text                                    0x0001ac40   Section        8  rt_heap_descriptor_intlibspace.o(.text)
    .text                                    0x0001ac48   Section        0  hguard.o(.text)
    .text                                    0x0001ac4c   Section        0  init_alloc.o(.text)
    .text                                    0x0001acd4   Section        0  h1_init.o(.text)
    .text                                    0x0001ace2   Section        0  h1_free.o(.text)
    .text                                    0x0001ad30   Section        0  cmpret.o(.text)
    .text                                    0x0001ad60   Section        0  fnan2.o(.text)
    .text                                    0x0001ad70   Section        8  libspace.o(.text)
    .text                                    0x0001ad78   Section       62  sys_stackheap_outer.o(.text)
    .text                                    0x0001adb6   Section        0  h1_extend.o(.text)
    .text                                    0x0001adea   Section        0  exit.o(.text)
    .text                                    0x0001adf6   Section        0  defsig_rtmem_outer.o(.text)
    .text                                    0x0001ae02   Section        0  retnan.o(.text)
    .text                                    0x0001ae60   Section        2  use_no_semi.o(.text)
    .text                                    0x0001ae62   Section        0  defsig_exit.o(.text)
    .text                                    0x0001ae62   Section        0  indicate_semi.o(.text)
    .text                                    0x0001ae70   Section        0  defsig_rtmem_inner.o(.text)
    .text                                    0x0001aec0   Section        0  sys_exit.o(.text)
    .text                                    0x0001aecc   Section        0  defsig_general.o(.text)
    .text                                    0x0001af00   Section        0  sys_wrch.o(.text)
    .text                                    0x0001af0c   Section        0  __dczerorl2.o(.text)
    i.__ARM_common_ll_muluu                  0x0001af62   Section        0  calloc.o(i.__ARM_common_ll_muluu)
    i.__ARM_common_switch8                   0x0001af94   Section        0  pstorage.o(i.__ARM_common_switch8)
    x$fpl$fadd                               0x0001afb0   Section      140  faddsub.o(x$fpl$fadd)
    _fadd1                                   0x0001afbd   Thumb Code     0  faddsub.o(x$fpl$fadd)
    x$fpl$fleqf                              0x0001b03c   Section       84  flef.o(x$fpl$fleqf)
    x$fpl$fmul                               0x0001b090   Section      176  fmul.o(x$fpl$fmul)
    x$fpl$fsub                               0x0001b140   Section      208  faddsub.o(x$fpl$fsub)
    _fsub1                                   0x0001b14d   Thumb Code     0  faddsub.o(x$fpl$fsub)
    .constdata                               0x0001b210   Section        8  main.o(.constdata)
    x$fpl$usenofp                            0x0001b210   Section        0  usenofp.o(x$fpl$usenofp)
    .constdata                               0x0001b218   Section       16  ble_lbs.o(.constdata)
    .constdata                               0x0001b228   Section        4  twi_tmp_102.o(.constdata)
    .data                                    0x20002000   Section        4  system_nrf51.o(.data)
    __tagsym$$used                           0x20002000   Number         0  system_nrf51.o(.data)
    .data                                    0x20002004   Section       60  main.o(.data)
    m_sec_params                             0x20002004   Data           6  main.o(.data)
    m_conn_handle                            0x2000200a   Data           2  main.o(.data)
    m_temp_timer_id                          0x2000200c   Data           4  main.o(.data)
    addr                                     0x20002028   Data           7  main.o(.data)
    buttons                                  0x20002030   Data          16  main.o(.data)
    .data                                    0x20002040   Section       74  ls_y201.o(.data)
    .data                                    0x2000208c   Section       12  pstorage.o(.data)
    m_next_app_instance                      0x2000208c   Data           2  pstorage.o(.data)
    m_next_page_addr                         0x20002090   Data           4  pstorage.o(.data)
    m_round_val                              0x20002094   Data           2  pstorage.o(.data)
    m_module_initialized                     0x20002096   Data           1  pstorage.o(.data)
    m_swap_state                             0x20002097   Data           1  pstorage.o(.data)
    .data                                    0x20002098   Section       14  app_scheduler.o(.data)
    m_queue_event_headers                    0x20002098   Data           4  app_scheduler.o(.data)
    m_queue_event_data                       0x2000209c   Data           4  app_scheduler.o(.data)
    m_queue_start_index                      0x200020a0   Data           1  app_scheduler.o(.data)
    m_queue_end_index                        0x200020a1   Data           1  app_scheduler.o(.data)
    m_queue_event_size                       0x200020a2   Data           2  app_scheduler.o(.data)
    m_queue_size                             0x200020a4   Data           2  app_scheduler.o(.data)
    .data                                    0x200020a8   Section       41  app_timer.o(.data)
    m_node_array_size                        0x200020a8   Data           1  app_timer.o(.data)
    mp_nodes                                 0x200020ac   Data           4  app_timer.o(.data)
    m_user_array_size                        0x200020b0   Data           1  app_timer.o(.data)
    mp_users                                 0x200020b4   Data           4  app_timer.o(.data)
    m_timer_id_head                          0x200020b8   Data           4  app_timer.o(.data)
    m_ticks_latest                           0x200020bc   Data           4  app_timer.o(.data)
    m_ticks_elapsed                          0x200020c0   Data           8  app_timer.o(.data)
    m_ticks_elapsed_q_read_ind               0x200020c8   Data           1  app_timer.o(.data)
    m_ticks_elapsed_q_write_ind              0x200020c9   Data           1  app_timer.o(.data)
    m_evt_schedule_func                      0x200020cc   Data           4  app_timer.o(.data)
    m_rtc1_running                           0x200020d0   Data           1  app_timer.o(.data)
    .data                                    0x200020d4   Section       25  ble_conn_params.o(.data)
    m_preferred_conn_params                  0x200020d4   Data           8  ble_conn_params.o(.data)
    m_update_count                           0x200020dc   Data           1  ble_conn_params.o(.data)
    m_conn_handle                            0x200020de   Data           2  ble_conn_params.o(.data)
    m_current_conn_params                    0x200020e0   Data           8  ble_conn_params.o(.data)
    m_conn_params_timer_id                   0x200020e8   Data           4  ble_conn_params.o(.data)
    m_change_param                           0x200020ec   Data           1  ble_conn_params.o(.data)
    .data                                    0x200020f0   Section       20  softdevice_handler.o(.data)
    m_evt_schedule_func                      0x200020f0   Data           4  softdevice_handler.o(.data)
    m_evt_buffer                             0x200020f4   Data           4  softdevice_handler.o(.data)
    m_ble_evt_buffer_size                    0x200020f8   Data           2  softdevice_handler.o(.data)
    m_softdevice_enabled                     0x200020fa   Data           1  softdevice_handler.o(.data)
    m_ble_evt_handler                        0x200020fc   Data           4  softdevice_handler.o(.data)
    m_sys_evt_handler                        0x20002100   Data           4  softdevice_handler.o(.data)
    .data                                    0x20002104   Section       32  app_button.o(.data)
    mp_buttons                               0x20002104   Data           4  app_button.o(.data)
    m_button_count                           0x20002108   Data           1  app_button.o(.data)
    m_detection_delay                        0x2000210c   Data           4  app_button.o(.data)
    m_evt_schedule_func                      0x20002110   Data           4  app_button.o(.data)
    m_gpiote_user_id                         0x20002114   Data           1  app_button.o(.data)
    m_detection_delay_timer_id               0x20002118   Data           4  app_button.o(.data)
    m_pin_transition                         0x2000211c   Data           8  app_button.o(.data)
    .data                                    0x20002124   Section       12  app_gpiote.o(.data)
    m_enabled_users_mask                     0x20002124   Data           4  app_gpiote.o(.data)
    m_user_array_size                        0x20002128   Data           1  app_gpiote.o(.data)
    m_user_count                             0x20002129   Data           1  app_gpiote.o(.data)
    mp_users                                 0x2000212c   Data           4  app_gpiote.o(.data)
    .bss                                     0x20002130   Section     1224  main.o(.bss)
    m_lbs                                    0x20002130   Data          52  main.o(.bss)
    APP_TIMER_BUF                            0x20002270   Data         576  main.o(.bss)
    m_auth_status                            0x200024b0   Data          50  main.o(.bss)
    EVT_BUFFER                               0x200024e4   Data          80  main.o(.bss)
    APP_SCHED_BUF                            0x20002534   Data         176  main.o(.bss)
    app_gpiote_buf                           0x200025e4   Data          20  main.o(.bss)
    .bss                                     0x200025f8   Section      636  pstorage.o(.bss)
    m_cmd_queue                              0x200025f8   Data         604  pstorage.o(.bss)
    m_app_table                              0x20002854   Data          32  pstorage.o(.bss)
    .bss                                     0x20002874   Section       28  ble_conn_params.o(.bss)
    m_conn_params_config                     0x20002874   Data          28  ble_conn_params.o(.bss)
    .bss                                     0x20002890   Section       96  libspace.o(.bss)
    HEAP                                     0x200028f0   Section     2048  arm_startup_nrf51.o(HEAP)
    Heap_Mem                                 0x200028f0   Data        2048  arm_startup_nrf51.o(HEAP)
    STACK                                    0x200030f0   Section     2048  arm_startup_nrf51.o(STACK)
    Stack_Mem                                0x200030f0   Data        2048  arm_startup_nrf51.o(STACK)
    __initial_sp                             0x200038f0   Data           0  arm_startup_nrf51.o(STACK)

    Global Symbols

    Symbol Name                              Value     Ov Type        Size  Object(Section)

    BuildAttributes$$THM_ISAv3M$S$PE$A:L22$X:L11$S22$IEEE1$IW$USESV6$~STKCKD$USESV7$~SHL$OTIME$ROPI$EBA8$UX$STANDARDLIB$REQ8$PRES8$EABIv2 0x00000000   Number         0  anon$$obj.o ABSOLUTE
    __ARM_use_no_argv                        0x00000000   Number         0  main.o ABSOLUTE
    __ARM_exceptions_init                     - Undefined Weak Reference
    __alloca_initialize                       - Undefined Weak Reference
    __arm_preinit_                            - Undefined Weak Reference
    __cpp_initialize__aeabi_                  - Undefined Weak Reference
    __cxa_finalize                            - Undefined Weak Reference
    __rt_locale                               - Undefined Weak Reference
    __sigvec_lookup                           - Undefined Weak Reference
    __user_heap_extent                        - Undefined Weak Reference
    _atexit_init                              - Undefined Weak Reference
    _call_atexit_fns                          - Undefined Weak Reference
    _clock_init                               - Undefined Weak Reference
    _fp_trap_init                             - Undefined Weak Reference
    _fp_trap_shutdown                         - Undefined Weak Reference
    _get_lc_collate                           - Undefined Weak Reference
    _get_lc_ctype                             - Undefined Weak Reference
    _get_lc_monetary                          - Undefined Weak Reference
    _get_lc_numeric                           - Undefined Weak Reference
    _get_lc_time                              - Undefined Weak Reference
    _getenv_init                              - Undefined Weak Reference
    _handle_redirection                       - Undefined Weak Reference
    _initio                                   - Undefined Weak Reference
    _mutex_acquire                            - Undefined Weak Reference
    _mutex_free                               - Undefined Weak Reference
    _mutex_release                            - Undefined Weak Reference
    _rand_init                                - Undefined Weak Reference
    _signal_finish                            - Undefined Weak Reference
    _signal_init                              - Undefined Weak Reference
    _terminateio                              - Undefined Weak Reference
    __Vectors_Size                           0x000000c0   Number         0  arm_startup_nrf51.o ABSOLUTE
    __Vectors                                0x00016000   Data           4  arm_startup_nrf51.o(RESET)
    __Vectors_End                            0x000160c0   Data           0  arm_startup_nrf51.o(RESET)
    __main                                   0x000160c1   Thumb Code     8  __main.o(!!!main)
    __scatterload                            0x000160c9   Thumb Code     0  __scatter.o(!!!scatter)
    __scatterload_rt2                        0x000160c9   Thumb Code    52  __scatter.o(!!!scatter)
    __scatterload_rt2_thumb_only             0x000160c9   Thumb Code     0  __scatter.o(!!!scatter)
    __scatterload_null                       0x000160d9   Thumb Code     0  __scatter.o(!!!scatter)
    __rt_lib_init                            0x00016105   Thumb Code     0  libinit.o(.ARM.Collect$$libinit$$00000000)
    __rt_lib_init_fp_1                       0x00016107   Thumb Code     0  libinit2.o(.ARM.Collect$$libinit$$00000002)
    __rt_lib_init_heap_2                     0x00016107   Thumb Code     0  libinit2.o(.ARM.Collect$$libinit$$00000005)
    __rt_lib_init_preinit_1                  0x00016107   Thumb Code     0  libinit2.o(.ARM.Collect$$libinit$$00000004)
    __rt_lib_init_alloca_1                   0x0001610f   Thumb Code     0  libinit2.o(.ARM.Collect$$libinit$$0000002E)
    __rt_lib_init_argv_1                     0x0001610f   Thumb Code     0  libinit2.o(.ARM.Collect$$libinit$$0000002C)
    __rt_lib_init_atexit_1                   0x0001610f   Thumb Code     0  libinit2.o(.ARM.Collect$$libinit$$0000001B)
    __rt_lib_init_clock_1                    0x0001610f   Thumb Code     0  libinit2.o(.ARM.Collect$$libinit$$00000021)
    __rt_lib_init_cpp_1                      0x0001610f   Thumb Code     0  libinit2.o(.ARM.Collect$$libinit$$00000032)
    __rt_lib_init_exceptions_1               0x0001610f   Thumb Code     0  libinit2.o(.ARM.Collect$$libinit$$00000030)
    __rt_lib_init_fp_trap_1                  0x0001610f   Thumb Code     0  libinit2.o(.ARM.Collect$$libinit$$0000001F)
    __rt_lib_init_getenv_1                   0x0001610f   Thumb Code     0  libinit2.o(.ARM.Collect$$libinit$$00000023)
    __rt_lib_init_heap_1                     0x0001610f   Thumb Code     0  libinit2.o(.ARM.Collect$$libinit$$0000000A)
    __rt_lib_init_lc_collate_1               0x0001610f   Thumb Code     0  libinit2.o(.ARM.Collect$$libinit$$00000011)
    __rt_lib_init_lc_ctype_1                 0x0001610f   Thumb Code     0  libinit2.o(.ARM.Collect$$libinit$$00000013)
    __rt_lib_init_lc_monetary_1              0x0001610f   Thumb Code     0  libinit2.o(.ARM.Collect$$libinit$$00000015)
    __rt_lib_init_lc_numeric_1               0x0001610f   Thumb Code     0  libinit2.o(.ARM.Collect$$libinit$$00000017)
    __rt_lib_init_lc_time_1                  0x0001610f   Thumb Code     0  libinit2.o(.ARM.Collect$$libinit$$00000019)
    __rt_lib_init_rand_1                     0x0001610f   Thumb Code     0  libinit2.o(.ARM.Collect$$libinit$$0000000E)
    __rt_lib_init_return                     0x0001610f   Thumb Code     0  libinit2.o(.ARM.Collect$$libinit$$00000033)
    __rt_lib_init_signal_1                   0x0001610f   Thumb Code     0  libinit2.o(.ARM.Collect$$libinit$$0000001D)
    __rt_lib_init_stdio_1                    0x0001610f   Thumb Code     0  libinit2.o(.ARM.Collect$$libinit$$00000025)
    __rt_lib_init_user_alloc_1               0x0001610f   Thumb Code     0  libinit2.o(.ARM.Collect$$libinit$$0000000C)
    __rt_lib_shutdown                        0x00016111   Thumb Code     0  libshutdown.o(.ARM.Collect$$libshutdown$$00000000)
    __rt_lib_shutdown_fp_trap_1              0x00016113   Thumb Code     0  libshutdown2.o(.ARM.Collect$$libshutdown$$00000006)
    __rt_lib_shutdown_heap_1                 0x00016113   Thumb Code     0  libshutdown2.o(.ARM.Collect$$libshutdown$$0000000E)
    __rt_lib_shutdown_return                 0x00016113   Thumb Code     0  libshutdown2.o(.ARM.Collect$$libshutdown$$0000000F)
    __rt_lib_shutdown_signal_1               0x00016113   Thumb Code     0  libshutdown2.o(.ARM.Collect$$libshutdown$$00000009)
    __rt_lib_shutdown_stdio_1                0x00016113   Thumb Code     0  libshutdown2.o(.ARM.Collect$$libshutdown$$00000003)
    __rt_lib_shutdown_user_alloc_1           0x00016113   Thumb Code     0  libshutdown2.o(.ARM.Collect$$libshutdown$$0000000B)
    __rt_entry                               0x00016115   Thumb Code     0  __rtentry.o(.ARM.Collect$$rtentry$$00000000)
    __rt_entry_presh_1                       0x00016115   Thumb Code     0  __rtentry2.o(.ARM.Collect$$rtentry$$00000002)
    __rt_entry_sh                            0x00016115   Thumb Code     0  __rtentry4.o(.ARM.Collect$$rtentry$$00000004)
    __rt_entry_li                            0x0001611b   Thumb Code     0  __rtentry2.o(.ARM.Collect$$rtentry$$0000000A)
    __rt_entry_postsh_1                      0x0001611b   Thumb Code     0  __rtentry2.o(.ARM.Collect$$rtentry$$00000009)
    __rt_entry_main                          0x0001611f   Thumb Code     0  __rtentry2.o(.ARM.Collect$$rtentry$$0000000D)
    __rt_entry_postli_1                      0x0001611f   Thumb Code     0  __rtentry2.o(.ARM.Collect$$rtentry$$0000000C)
    __rt_exit                                0x00016127   Thumb Code     0  rtexit.o(.ARM.Collect$$rtexit$$00000000)
    __rt_exit_ls                             0x00016129   Thumb Code     0  rtexit2.o(.ARM.Collect$$rtexit$$00000003)
    __rt_exit_prels_1                        0x00016129   Thumb Code     0  rtexit2.o(.ARM.Collect$$rtexit$$00000002)
    __rt_exit_exit                           0x0001612d   Thumb Code     0  rtexit2.o(.ARM.Collect$$rtexit$$00000004)
    __asm___15_twi_sw_master_c_959ec897__nrf_delay_us 0x00016135   Thumb Code    30  twi_sw_master.o(.emb_text)
    __asm___9_LS_Y201_c_077bb765__nrf_delay_us 0x00016155   Thumb Code    30  ls_y201.o(.emb_text)
    __asm___13_simple_uart_c_5dda6715__nrf_delay_us 0x00016175   Thumb Code    30  simple_uart.o(.emb_text)
    __asm___11_app_timer_c_cd27f9c3__nrf_delay_us 0x00016195   Thumb Code    30  app_timer.o(.emb_text)
    __aeabi_memcpy4                          0x000161b5   Thumb Code    56  rt_memcpy.o(.emb_text)
    __aeabi_memcpy8                          0x000161b5   Thumb Code     0  rt_memcpy.o(.emb_text)
    Reset_Handler                            0x000161ed   Thumb Code    26  arm_startup_nrf51.o(.text)
    _maybe_terminate_alloc                   0x000161ed   Thumb Code     0  maybetermalloc1.o(.emb_text)
    NMI_Handler                              0x00016207   Thumb Code     2  arm_startup_nrf51.o(.text)
    HardFault_Handler                        0x00016209   Thumb Code     2  arm_startup_nrf51.o(.text)
    SVC_Handler                              0x0001620b   Thumb Code     2  arm_startup_nrf51.o(.text)
    PendSV_Handler                           0x0001620d   Thumb Code     2  arm_startup_nrf51.o(.text)
    SysTick_Handler                          0x0001620f   Thumb Code     2  arm_startup_nrf51.o(.text)
    ADC_IRQHandler                           0x00016211   Thumb Code     0  arm_startup_nrf51.o(.text)
    CCM_AAR_IRQHandler                       0x00016211   Thumb Code     0  arm_startup_nrf51.o(.text)
    ECB_IRQHandler                           0x00016211   Thumb Code     0  arm_startup_nrf51.o(.text)
    LPCOMP_IRQHandler                        0x00016211   Thumb Code     0  arm_startup_nrf51.o(.text)
    POWER_CLOCK_IRQHandler                   0x00016211   Thumb Code     0  arm_startup_nrf51.o(.text)
    QDEC_IRQHandler                          0x00016211   Thumb Code     0  arm_startup_nrf51.o(.text)
    RADIO_IRQHandler                         0x00016211   Thumb Code     0  arm_startup_nrf51.o(.text)
    RNG_IRQHandler                           0x00016211   Thumb Code     0  arm_startup_nrf51.o(.text)
    RTC0_IRQHandler                          0x00016211   Thumb Code     0  arm_startup_nrf51.o(.text)
    SPI0_TWI0_IRQHandler                     0x00016211   Thumb Code     0  arm_startup_nrf51.o(.text)
    SPI1_TWI1_IRQHandler                     0x00016211   Thumb Code     0  arm_startup_nrf51.o(.text)
    SWI1_IRQHandler                          0x00016211   Thumb Code     0  arm_startup_nrf51.o(.text)
    SWI3_IRQHandler                          0x00016211   Thumb Code     0  arm_startup_nrf51.o(.text)
    SWI4_IRQHandler                          0x00016211   Thumb Code     0  arm_startup_nrf51.o(.text)
    SWI5_IRQHandler                          0x00016211   Thumb Code     0  arm_startup_nrf51.o(.text)
    TEMP_IRQHandler                          0x00016211   Thumb Code     0  arm_startup_nrf51.o(.text)
    TIMER0_IRQHandler                        0x00016211   Thumb Code     0  arm_startup_nrf51.o(.text)
    TIMER1_IRQHandler                        0x00016211   Thumb Code     0  arm_startup_nrf51.o(.text)
    TIMER2_IRQHandler                        0x00016211   Thumb Code     0  arm_startup_nrf51.o(.text)
    UART0_IRQHandler                         0x00016211   Thumb Code     0  arm_startup_nrf51.o(.text)
    WDT_IRQHandler                           0x00016211   Thumb Code     0  arm_startup_nrf51.o(.text)
    __user_initial_stackheap                 0x00016215   Thumb Code     0  arm_startup_nrf51.o(.text)
    SystemCoreClockUpdate                    0x00016241   Thumb Code     8  system_nrf51.o(.text)
    SystemInit                               0x000162e5   Thumb Code    38  system_nrf51.o(.text)
    app_error_handler                        0x00016329   Thumb Code    22  main.o(.text)
    assert_nrf_callback                      0x000163f3   Thumb Code    14  main.o(.text)
    main                                     0x00016a8f   Thumb Code   108  main.o(.text)
    ble_lbs_on_ble_evt                       0x00016ca1   Thumb Code    58  ble_lbs.o(.text)
    ble_lbs_init                             0x000171cd   Thumb Code   144  ble_lbs.o(.text)
    ble_lbs_on_button_change                 0x0001725d   Thumb Code    46  ble_lbs.o(.text)
    ble_send_temp                            0x0001728b   Thumb Code    50  ble_lbs.o(.text)
    ble_send_image                           0x000172bd   Thumb Code    52  ble_lbs.o(.text)
    tmp_102_init                             0x00017327   Thumb Code    52  twi_tmp_102.o(.text)
    tmp_102_read                             0x0001735b   Thumb Code    54  twi_tmp_102.o(.text)
    tmp_102_dig_to_temp                      0x00017391   Thumb Code   130  twi_tmp_102.o(.text)
    temp_meas_update                         0x00017413   Thumb Code    38  twi_tmp_102.o(.text)
    twi_master_init                          0x000174cf   Thumb Code    70  twi_sw_master.o(.text)
    twi_master_transfer                      0x00017701   Thumb Code   128  twi_sw_master.o(.text)
    delay_ms                                 0x00017789   Thumb Code    38  ls_y201.o(.text)
    LSY201_Init                              0x000177af   Thumb Code    66  ls_y201.o(.text)
    LSY201_Reset                             0x000177f1   Thumb Code    76  ls_y201.o(.text)
    LSY201_TakePic                           0x0001783d   Thumb Code    82  ls_y201.o(.text)
    LSY201_FileSize                          0x0001788f   Thumb Code   114  ls_y201.o(.text)
    Find_FFD8                                0x00017901   Thumb Code    46  ls_y201.o(.text)
    Find_FFD9                                0x0001792f   Thumb Code    46  ls_y201.o(.text)
    Skip_ack                                 0x0001795d   Thumb Code    44  ls_y201.o(.text)
    LSY201_ReadFile                          0x00017989   Thumb Code   178  ls_y201.o(.text)
    Get_Chunk_JPEG                           0x00017a3b   Thumb Code   110  ls_y201.o(.text)
    Get_Full_JPEG                            0x00017aa9   Thumb Code   184  ls_y201.o(.text)
    LSY201_StopPic                           0x00017b61   Thumb Code    90  ls_y201.o(.text)
    LSY201_CompRat                           0x00017bbb   Thumb Code    70  ls_y201.o(.text)
    LSY201_Resolution                        0x00017c01   Thumb Code   130  ls_y201.o(.text)
    LSY201_PowerSave                         0x00017c83   Thumb Code    74  ls_y201.o(.text)
    LSY201_BaudRate                          0x00017ccd   Thumb Code   108  ls_y201.o(.text)
    LED_FLASHY_TIME                          0x00017d39   Thumb Code   112  ls_y201.o(.text)
    simple_uart_get                          0x00017dcd   Thumb Code    24  simple_uart.o(.text)
    simple_uart_get_with_timeout             0x00017de5   Thumb Code    62  simple_uart.o(.text)
    simple_uart_put                          0x00017e23   Thumb Code    22  simple_uart.o(.text)
    simple_uart_putstring                    0x00017e39   Thumb Code    32  simple_uart.o(.text)
    simple_uart_config                       0x00017e59   Thumb Code    94  simple_uart.o(.text)
    pstorage_sys_event_handler               0x000182ed   Thumb Code   326  pstorage.o(.text)
    pstorage_init                            0x00018433   Thumb Code   128  pstorage.o(.text)
    pstorage_register                        0x000184b3   Thumb Code   252  pstorage.o(.text)
    pstorage_block_identifier_get            0x000185af   Thumb Code   136  pstorage.o(.text)
    pstorage_store                           0x00018637   Thumb Code   236  pstorage.o(.text)
    pstorage_update                          0x00018723   Thumb Code   202  pstorage.o(.text)
    pstorage_load                            0x000187ed   Thumb Code   226  pstorage.o(.text)
    pstorage_clear                           0x000188cf   Thumb Code   166  pstorage.o(.text)
    pstorage_access_status_get               0x00018975   Thumb Code    36  pstorage.o(.text)
    ble_advdata_set                          0x00018f29   Thumb Code   122  ble_advdata.o(.text)
    app_sched_init                           0x00018fb9   Thumb Code    66  app_scheduler.o(.text)
    app_sched_event_put                      0x00018ffb   Thumb Code   238  app_scheduler.o(.text)
    app_sched_execute                        0x0001913d   Thumb Code    30  app_scheduler.o(.text)
    RTC1_IRQHandler                          0x000199ab   Thumb Code    34  app_timer.o(.text)
    SWI0_IRQHandler                          0x000199cd   Thumb Code     8  app_timer.o(.text)
    app_timer_init                           0x000199d5   Thumb Code   250  app_timer.o(.text)
    app_timer_create                         0x00019acf   Thumb Code   108  app_timer.o(.text)
    app_timer_start                          0x00019b5d   Thumb Code    98  app_timer.o(.text)
    app_timer_stop                           0x00019bbf   Thumb Code    60  app_timer.o(.text)
    app_timer_stop_all                       0x00019bfb   Thumb Code    26  app_timer.o(.text)
    app_timer_cnt_get                        0x00019c15   Thumb Code    14  app_timer.o(.text)
    app_timer_cnt_diff_compute               0x00019c23   Thumb Code    22  app_timer.o(.text)
    ble_conn_params_init                     0x00019d9f   Thumb Code    90  ble_conn_params.o(.text)
    ble_conn_params_stop                     0x00019df9   Thumb Code    12  ble_conn_params.o(.text)
    ble_conn_params_on_ble_evt               0x00019f47   Thumb Code    62  ble_conn_params.o(.text)
    ble_conn_params_change_conn_params       0x00019f85   Thumb Code    86  ble_conn_params.o(.text)
    softdevice_assertion_handler             0x0001a001   Thumb Code    18  softdevice_handler.o(.text)
    intern_softdevice_events_execute         0x0001a013   Thumb Code   168  softdevice_handler.o(.text)
    softdevice_handler_init                  0x0001a0bb   Thumb Code    84  softdevice_handler.o(.text)
    softdevice_handler_sd_disable            0x0001a10f   Thumb Code    24  softdevice_handler.o(.text)
    softdevice_ble_evt_handler_set           0x0001a127   Thumb Code    18  softdevice_handler.o(.text)
    softdevice_sys_evt_handler_set           0x0001a139   Thumb Code    18  softdevice_handler.o(.text)
    SWI2_IRQHandler                          0x0001a14b   Thumb Code    52  softdevice_handler.o(.text)
    app_button_init                          0x0001a2cb   Thumb Code   132  app_button.o(.text)
    app_button_enable                        0x0001a34f   Thumb Code    24  app_button.o(.text)
    app_button_disable                       0x0001a367   Thumb Code    42  app_button.o(.text)
    app_button_is_pushed                     0x0001a391   Thumb Code   108  app_button.o(.text)
    GPIOTE_IRQHandler                        0x0001a4b1   Thumb Code   158  app_gpiote.o(.text)
    app_gpiote_init                          0x0001a5b1   Thumb Code   116  app_gpiote.o(.text)
    app_gpiote_user_register                 0x0001a625   Thumb Code   138  app_gpiote.o(.text)
    app_gpiote_user_enable                   0x0001a6af   Thumb Code   226  app_gpiote.o(.text)
    app_gpiote_user_disable                  0x0001a791   Thumb Code    66  app_gpiote.o(.text)
    app_gpiote_pins_state_get                0x0001a7d3   Thumb Code    52  app_gpiote.o(.text)
    calloc                                   0x0001a89d   Thumb Code    44  calloc.o(.text)
    __aeabi_memcpy                           0x0001a8c9   Thumb Code   130  rt_memcpy.o(.text)
    __rt_memcpy                              0x0001a8c9   Thumb Code     0  rt_memcpy.o(.text)
    _memset_w                                0x0001a94b   Thumb Code    26  rt_memclr.o(.text)
    _memset                                  0x0001a965   Thumb Code    30  rt_memclr.o(.text)
    __aeabi_memclr                           0x0001a983   Thumb Code     4  rt_memclr.o(.text)
    __rt_memclr                              0x0001a983   Thumb Code     0  rt_memclr.o(.text)
    __aeabi_memclr4                          0x0001a987   Thumb Code     0  rt_memclr.o(.text)
    __aeabi_memclr8                          0x0001a987   Thumb Code     0  rt_memclr.o(.text)
    __rt_memclr_w                            0x0001a987   Thumb Code     4  rt_memclr.o(.text)
    __aeabi_uidiv                            0x0001a98b   Thumb Code     0  aeabi_sdiv.o(.text)
    __aeabi_uidivmod                         0x0001a98b   Thumb Code    20  aeabi_sdiv.o(.text)
    __aeabi_idiv                             0x0001a99f   Thumb Code     0  aeabi_sdiv.o(.text)
    __aeabi_idivmod                          0x0001a99f   Thumb Code   326  aeabi_sdiv.o(.text)
    __use_two_region_memory                  0x0001aae5   Thumb Code     2  heapauxi.o(.text)
    __rt_heap_escrow                         0x0001aae7   Thumb Code     2  heapauxi.o(.text)
    __rt_heap_expand                         0x0001aae9   Thumb Code     2  heapauxi.o(.text)
    __aeabi_f2uiz                            0x0001aaeb   Thumb Code     0  ffixui.o(.text)
    _ffixu                                   0x0001aaeb   Thumb Code    48  ffixui.o(.text)
    __aeabi_i2f_normalise                    0x0001ab1b   Thumb Code    72  fflti.o(.text)
    __aeabi_i2f                              0x0001ab63   Thumb Code    16  fflti.o(.text)
    _fflt                                    0x0001ab63   Thumb Code     0  fflti.o(.text)
    __aeabi_ui2f                             0x0001ab73   Thumb Code     6  fflti.o(.text)
    _ffltu                                   0x0001ab73   Thumb Code     0  fflti.o(.text)
    malloc                                   0x0001ab79   Thumb Code    98  h1_alloc.o(.text)
    __fpl_fcmp_InfNaN                        0x0001abdd   Thumb Code    96  fcmpin.o(.text)
    __rt_heap_descriptor                     0x0001ac41   Thumb Code     8  rt_heap_descriptor_intlibspace.o(.text)
    __use_no_heap                            0x0001ac49   Thumb Code     2  hguard.o(.text)
    __heap$guard                             0x0001ac4b   Thumb Code     2  hguard.o(.text)
    _terminate_user_alloc                    0x0001ac4d   Thumb Code     2  init_alloc.o(.text)
    _init_user_alloc                         0x0001ac4f   Thumb Code     2  init_alloc.o(.text)
    __Heap_Full                              0x0001ac51   Thumb Code    32  init_alloc.o(.text)
    __Heap_Broken                            0x0001ac71   Thumb Code    10  init_alloc.o(.text)
    _init_alloc                              0x0001ac7b   Thumb Code    90  init_alloc.o(.text)
    __Heap_Initialize                        0x0001acd5   Thumb Code    10  h1_init.o(.text)
    __Heap_DescSize                          0x0001acdf   Thumb Code     4  h1_init.o(.text)
    free                                     0x0001ace3   Thumb Code    76  h1_free.o(.text)
    __fpl_cmpreturn                          0x0001ad31   Thumb Code    44  cmpret.o(.text)
    __fpl_fcheck_NaN2                        0x0001ad61   Thumb Code    10  fnan2.o(.text)
    __user_libspace                          0x0001ad71   Thumb Code     8  libspace.o(.text)
    __user_perproc_libspace                  0x0001ad71   Thumb Code     0  libspace.o(.text)
    __user_perthread_libspace                0x0001ad71   Thumb Code     0  libspace.o(.text)
    __user_setup_stackheap                   0x0001ad79   Thumb Code    62  sys_stackheap_outer.o(.text)
    __Heap_ProvideMemory                     0x0001adb7   Thumb Code    52  h1_extend.o(.text)
    exit                                     0x0001adeb   Thumb Code    12  exit.o(.text)
    __rt_SIGRTMEM                            0x0001adf7   Thumb Code    12  defsig_rtmem_outer.o(.text)
    __fpl_return_NaN                         0x0001ae03   Thumb Code    94  retnan.o(.text)
    __I$use$semihosting                      0x0001ae61   Thumb Code     0  use_no_semi.o(.text)
    __use_no_semihosting_swi                 0x0001ae61   Thumb Code     2  use_no_semi.o(.text)
    __semihosting_library_function           0x0001ae63   Thumb Code     0  indicate_semi.o(.text)
    __sig_exit                               0x0001ae63   Thumb Code    12  defsig_exit.o(.text)
    __rt_SIGRTMEM_inner                      0x0001ae71   Thumb Code    22  defsig_rtmem_inner.o(.text)
    _sys_exit                                0x0001aec1   Thumb Code     8  sys_exit.o(.text)
    __default_signal_display                 0x0001aecd   Thumb Code    52  defsig_general.o(.text)
    _ttywrch                                 0x0001af01   Thumb Code    12  sys_wrch.o(.text)
    __decompress                             0x0001af0d   Thumb Code     0  __dczerorl2.o(.text)
    __decompress1                            0x0001af0d   Thumb Code    86  __dczerorl2.o(.text)
    __ARM_common_ll_muluu                    0x0001af63   Thumb Code    50  calloc.o(i.__ARM_common_ll_muluu)
    __ARM_common_switch8                     0x0001af95   Thumb Code    28  pstorage.o(i.__ARM_common_switch8)
    __aeabi_fadd                             0x0001afb1   Thumb Code     0  faddsub.o(x$fpl$fadd)
    _fadd                                    0x0001afb1   Thumb Code   134  faddsub.o(x$fpl$fadd)
    __aeabi_cfcmple                          0x0001b03d   Thumb Code     0  flef.o(x$fpl$fleqf)
    _fcmple                                  0x0001b03d   Thumb Code    78  flef.o(x$fpl$fleqf)
    __aeabi_fmul                             0x0001b091   Thumb Code     0  fmul.o(x$fpl$fmul)
    _fmul                                    0x0001b091   Thumb Code   172  fmul.o(x$fpl$fmul)
    __aeabi_fsub                             0x0001b141   Thumb Code     0  faddsub.o(x$fpl$fsub)
    _fsub                                    0x0001b141   Thumb Code   204  faddsub.o(x$fpl$fsub)
    NUM_OF_BYTES_PER_CHUNK                   0x0001b210   Data           1  main.o(.constdata)
    __I$use$fp                               0x0001b210   Number         0  usenofp.o(x$fpl$usenofp)
    command_read_temp                        0x0001b228   Data           1  twi_tmp_102.o(.constdata)
    command_access_config                    0x0001b229   Data           1  twi_tmp_102.o(.constdata)
    command_Tlow                             0x0001b22a   Data           1  twi_tmp_102.o(.constdata)
    command_Thi                              0x0001b22b   Data           1  twi_tmp_102.o(.constdata)
    Region$$Table$$Base                      0x0001b22c   Number         0  anon$$obj.o(Region$$Table)
    Region$$Table$$Limit                     0x0001b23c   Number         0  anon$$obj.o(Region$$Table)
    SystemCoreClock                          0x20002000   Data           4  system_nrf51.o(.data)
    temp_init_succeeded                      0x20002010   Data           1  main.o(.data)
    temp_read_succeeded                      0x20002011   Data           1  main.o(.data)
    RETURN_IN_CELCIUS                        0x20002012   Data           1  main.o(.data)
    temp_MSB                                 0x20002013   Data           1  main.o(.data)
    temp_LSB                                 0x20002014   Data           1  main.o(.data)
    temperature                              0x20002018   Data           4  main.o(.data)
    pre_def_temp_param                       0x2000201c   Data           1  main.o(.data)
    err_code_watcher                         0x20002020   Data           4  main.o(.data)
    flag                                     0x20002024   Data           1  main.o(.data)
    done_with_chunk                          0x20002025   Data           1  main.o(.data)
    byte                                     0x20002026   Data           2  main.o(.data)
    JPEG_address                             0x20002040   Data           2  ls_y201.o(.data)
    JPEG_file_size                           0x20002042   Data           2  ls_y201.o(.data)
    p                                        0x20002044   Data           4  ls_y201.o(.data)
    temp                                     0x20002048   Data           4  ls_y201.o(.data)
    RX_Init                                  0x2000204c   Data          15  ls_y201.o(.data)
    RX_Reset                                 0x2000205b   Data           5  ls_y201.o(.data)
    RX_TakePic                               0x20002060   Data           5  ls_y201.o(.data)
    RX_FileSize                              0x20002065   Data           7  ls_y201.o(.data)
    RX_ReadFile                              0x2000206c   Data           5  ls_y201.o(.data)
    RX_StopPic                               0x20002071   Data           5  ls_y201.o(.data)
    RX_CompRat                               0x20002076   Data           5  ls_y201.o(.data)
    RX_Resolution                            0x2000207b   Data           5  ls_y201.o(.data)
    RX_PowerSave                             0x20002080   Data           5  ls_y201.o(.data)
    RX_BaudRate                              0x20002085   Data           5  ls_y201.o(.data)
    arr                                      0x20002164   Data         248  main.o(.bss)
    array                                    0x2000225c   Data          20  main.o(.bss)
    __libspace_start                         0x20002890   Data          96  libspace.o(.bss)
    __temporary_stack_top$libspace           0x200028f0   Data           0  libspace.o(.bss)



==============================================================================

Memory Map of the image

  Image Entry point : 0x000160c1

  Load Region LR_IROM1 (Base: 0x00016000, Size: 0x0000536c, Max: 0x00029000, ABSOLUTE, COMPRESSED[0x0000527c])

    Execution Region ER_IROM1 (Base: 0x00016000, Size: 0x0000523c, Max: 0x00029000, ABSOLUTE)

    Base Addr    Size         Type   Attr      Idx    E Section Name        Object

    0x00016000   0x000000c0   Data   RO            3    RESET               arm_startup_nrf51.o
    0x000160c0   0x00000008   Code   RO          846  * !!!main             c_p.l(__main.o)
    0x000160c8   0x0000003c   Code   RO         1145    !!!scatter          c_p.l(__scatter.o)
    0x00016104   0x00000002   Code   RO         1063    .ARM.Collect$$libinit$$00000000  c_p.l(libinit.o)
    0x00016106   0x00000000   Code   RO          979    .ARM.Collect$$libinit$$00000002  c_p.l(libinit2.o)
    0x00016106   0x00000000   Code   RO          981    .ARM.Collect$$libinit$$00000004  c_p.l(libinit2.o)
    0x00016106   0x00000008   Code   RO          982    .ARM.Collect$$libinit$$00000005  c_p.l(libinit2.o)
    0x0001610e   0x00000000   Code   RO          984    .ARM.Collect$$libinit$$0000000A  c_p.l(libinit2.o)
    0x0001610e   0x00000000   Code   RO          986    .ARM.Collect$$libinit$$0000000C  c_p.l(libinit2.o)
    0x0001610e   0x00000000   Code   RO          988    .ARM.Collect$$libinit$$0000000E  c_p.l(libinit2.o)
    0x0001610e   0x00000000   Code   RO          991    .ARM.Collect$$libinit$$00000011  c_p.l(libinit2.o)
    0x0001610e   0x00000000   Code   RO          993    .ARM.Collect$$libinit$$00000013  c_p.l(libinit2.o)
    0x0001610e   0x00000000   Code   RO          995    .ARM.Collect$$libinit$$00000015  c_p.l(libinit2.o)
    0x0001610e   0x00000000   Code   RO          997    .ARM.Collect$$libinit$$00000017  c_p.l(libinit2.o)
    0x0001610e   0x00000000   Code   RO          999    .ARM.Collect$$libinit$$00000019  c_p.l(libinit2.o)
    0x0001610e   0x00000000   Code   RO         1001    .ARM.Collect$$libinit$$0000001B  c_p.l(libinit2.o)
    0x0001610e   0x00000000   Code   RO         1003    .ARM.Collect$$libinit$$0000001D  c_p.l(libinit2.o)
    0x0001610e   0x00000000   Code   RO         1005    .ARM.Collect$$libinit$$0000001F  c_p.l(libinit2.o)
    0x0001610e   0x00000000   Code   RO         1007    .ARM.Collect$$libinit$$00000021  c_p.l(libinit2.o)
    0x0001610e   0x00000000   Code   RO         1009    .ARM.Collect$$libinit$$00000023  c_p.l(libinit2.o)
    0x0001610e   0x00000000   Code   RO         1011    .ARM.Collect$$libinit$$00000025  c_p.l(libinit2.o)
    0x0001610e   0x00000000   Code   RO         1015    .ARM.Collect$$libinit$$0000002C  c_p.l(libinit2.o)
    0x0001610e   0x00000000   Code   RO         1017    .ARM.Collect$$libinit$$0000002E  c_p.l(libinit2.o)
    0x0001610e   0x00000000   Code   RO         1019    .ARM.Collect$$libinit$$00000030  c_p.l(libinit2.o)
    0x0001610e   0x00000000   Code   RO         1021    .ARM.Collect$$libinit$$00000032  c_p.l(libinit2.o)
    0x0001610e   0x00000002   Code   RO         1022    .ARM.Collect$$libinit$$00000033  c_p.l(libinit2.o)
    0x00016110   0x00000002   Code   RO         1126    .ARM.Collect$$libshutdown$$00000000  c_p.l(libshutdown.o)
    0x00016112   0x00000000   Code   RO         1107    .ARM.Collect$$libshutdown$$00000003  c_p.l(libshutdown2.o)
    0x00016112   0x00000000   Code   RO         1110    .ARM.Collect$$libshutdown$$00000006  c_p.l(libshutdown2.o)
    0x00016112   0x00000000   Code   RO         1113    .ARM.Collect$$libshutdown$$00000009  c_p.l(libshutdown2.o)
    0x00016112   0x00000000   Code   RO         1115    .ARM.Collect$$libshutdown$$0000000B  c_p.l(libshutdown2.o)
    0x00016112   0x00000000   Code   RO         1118    .ARM.Collect$$libshutdown$$0000000E  c_p.l(libshutdown2.o)
    0x00016112   0x00000002   Code   RO         1119    .ARM.Collect$$libshutdown$$0000000F  c_p.l(libshutdown2.o)
    0x00016114   0x00000000   Code   RO          862    .ARM.Collect$$rtentry$$00000000  c_p.l(__rtentry.o)
    0x00016114   0x00000000   Code   RO          929    .ARM.Collect$$rtentry$$00000002  c_p.l(__rtentry2.o)
    0x00016114   0x00000006   Code   RO          941    .ARM.Collect$$rtentry$$00000004  c_p.l(__rtentry4.o)
    0x0001611a   0x00000000   Code   RO          931    .ARM.Collect$$rtentry$$00000009  c_p.l(__rtentry2.o)
    0x0001611a   0x00000004   Code   RO          932    .ARM.Collect$$rtentry$$0000000A  c_p.l(__rtentry2.o)
    0x0001611e   0x00000000   Code   RO          934    .ARM.Collect$$rtentry$$0000000C  c_p.l(__rtentry2.o)
    0x0001611e   0x00000008   Code   RO          935    .ARM.Collect$$rtentry$$0000000D  c_p.l(__rtentry2.o)
    0x00016126   0x00000002   Code   RO         1072    .ARM.Collect$$rtexit$$00000000  c_p.l(rtexit.o)
    0x00016128   0x00000000   Code   RO         1091    .ARM.Collect$$rtexit$$00000002  c_p.l(rtexit2.o)
    0x00016128   0x00000004   Code   RO         1092    .ARM.Collect$$rtexit$$00000003  c_p.l(rtexit2.o)
    0x0001612c   0x00000006   Code   RO         1093    .ARM.Collect$$rtexit$$00000004  c_p.l(rtexit2.o)
    0x00016132   0x00000002   PAD
    0x00016134   0x0000001e   Code   RO          355    .emb_text           twi_sw_master.o
    0x00016152   0x00000002   PAD
    0x00016154   0x0000001e   Code   RO          382    .emb_text           ls_y201.o
    0x00016172   0x00000002   PAD
    0x00016174   0x0000001e   Code   RO          421    .emb_text           simple_uart.o
    0x00016192   0x00000002   PAD
    0x00016194   0x0000001e   Code   RO          600    .emb_text           app_timer.o
    0x000161b2   0x00000002   PAD
    0x000161b4   0x00000038   Code   RO          832    .emb_text           c_p.l(rt_memcpy.o)
    0x000161ec   0x00000000   Code   RO         1037    .emb_text           c_p.l(maybetermalloc1.o)
    0x000161ec   0x00000054   Code   RO            4    .text               arm_startup_nrf51.o
    0x00016240   0x000000e8   Code   RO           12    .text               system_nrf51.o
    0x00016328   0x00000944   Code   RO           70    .text               main.o
    0x00016c6c   0x0000068c   Code   RO          292    .text               ble_lbs.o
    0x000172f8   0x00000148   Code   RO          332    .text               twi_tmp_102.o
    0x00017440   0x00000348   Code   RO          356    .text               twi_sw_master.o
    0x00017788   0x00000644   Code   RO          383    .text               ls_y201.o
    0x00017dcc   0x00000120   Code   RO          422    .text               simple_uart.o
    0x00017eec   0x00000acc   Code   RO          486    .text               pstorage.o
    0x000189b8   0x00000600   Code   RO          546    .text               ble_advdata.o
    0x00018fb8   0x00000240   Code   RO          569    .text               app_scheduler.o
    0x000191f8   0x00000b00   Code   RO          601    .text               app_timer.o
    0x00019cf8   0x00000308   Code   RO          636    .text               ble_conn_params.o
    0x0001a000   0x000001b4   Code   RO          672    .text               softdevice_handler.o
    0x0001a1b4   0x0000027c   Code   RO          733    .text               app_button.o
    0x0001a430   0x0000046c   Code   RO          767    .text               app_gpiote.o
    0x0001a89c   0x0000002c   Code   RO          826    .text               c_p.l(calloc.o)
    0x0001a8c8   0x00000082   Code   RO          833    .text               c_p.l(rt_memcpy.o)
    0x0001a94a   0x00000040   Code   RO          836    .text               c_p.l(rt_memclr.o)
    0x0001a98a   0x0000015a   Code   RO          840    .text               c_p.l(aeabi_sdiv.o)
    0x0001aae4   0x00000006   Code   RO          844    .text               c_p.l(heapauxi.o)
    0x0001aaea   0x00000030   Code   RO          854    .text               fz_ps.l(ffixui.o)
    0x0001ab1a   0x0000005e   Code   RO          856    .text               fz_ps.l(fflti.o)
    0x0001ab78   0x00000062   Code   RO          869    .text               c_p.l(h1_alloc.o)
    0x0001abda   0x00000002   PAD
    0x0001abdc   0x00000064   Code   RO          923    .text               fz_ps.l(fcmpin.o)
    0x0001ac40   0x00000008   Code   RO          948    .text               c_p.l(rt_heap_descriptor_intlibspace.o)
    0x0001ac48   0x00000004   Code   RO          950    .text               c_p.l(hguard.o)
    0x0001ac4c   0x00000088   Code   RO          952    .text               c_p.l(init_alloc.o)
    0x0001acd4   0x0000000e   Code   RO          958    .text               c_p.l(h1_init.o)
    0x0001ace2   0x0000004c   Code   RO          960    .text               c_p.l(h1_free.o)
    0x0001ad2e   0x00000002   PAD
    0x0001ad30   0x00000030   Code   RO         1023    .text               fz_ps.l(cmpret.o)
    0x0001ad60   0x00000010   Code   RO         1025    .text               fz_ps.l(fnan2.o)
    0x0001ad70   0x00000008   Code   RO         1029    .text               c_p.l(libspace.o)
    0x0001ad78   0x0000003e   Code   RO         1032    .text               c_p.l(sys_stackheap_outer.o)
    0x0001adb6   0x00000034   Code   RO         1039    .text               c_p.l(h1_extend.o)
    0x0001adea   0x0000000c   Code   RO         1043    .text               c_p.l(exit.o)
    0x0001adf6   0x0000000c   Code   RO         1049    .text               c_p.l(defsig_rtmem_outer.o)
    0x0001ae02   0x0000005e   Code   RO         1066    .text               fz_ps.l(retnan.o)
    0x0001ae60   0x00000002   Code   RO         1068    .text               c_p.l(use_no_semi.o)
    0x0001ae62   0x00000000   Code   RO         1070    .text               c_p.l(indicate_semi.o)
    0x0001ae62   0x0000000c   Code   RO         1078    .text               c_p.l(defsig_exit.o)
    0x0001ae6e   0x00000002   PAD
    0x0001ae70   0x00000050   Code   RO         1082    .text               c_p.l(defsig_rtmem_inner.o)
    0x0001aec0   0x0000000c   Code   RO         1088    .text               c_p.l(sys_exit.o)
    0x0001aecc   0x00000034   Code   RO         1103    .text               c_p.l(defsig_general.o)
    0x0001af00   0x0000000c   Code   RO         1120    .text               c_p.l(sys_wrch.o)
    0x0001af0c   0x00000056   Code   RO         1143    .text               c_p.l(__dczerorl2.o)
    0x0001af62   0x00000032   Code   RO          828    i.__ARM_common_ll_muluu  c_p.l(calloc.o)
    0x0001af94   0x0000001c   Code   RO          504    i.__ARM_common_switch8  pstorage.o
    0x0001afb0   0x0000008c   Code   RO          848    x$fpl$fadd          fz_ps.l(faddsub.o)
    0x0001b03c   0x00000054   Code   RO          858    x$fpl$fleqf         fz_ps.l(flef.o)
    0x0001b090   0x000000b0   Code   RO          860    x$fpl$fmul          fz_ps.l(fmul.o)
    0x0001b140   0x000000d0   Code   RO          850    x$fpl$fsub          fz_ps.l(faddsub.o)
    0x0001b210   0x00000000   Code   RO          925    x$fpl$usenofp       fz_ps.l(usenofp.o)
    0x0001b210   0x00000008   Data   RO           72    .constdata          main.o
    0x0001b218   0x00000010   Data   RO          293    .constdata          ble_lbs.o
    0x0001b228   0x00000004   Data   RO          333    .constdata          twi_tmp_102.o
    0x0001b22c   0x00000010   Data   RO         1141    Region$$Table       anon$$obj.o


    Execution Region RW_IRAM1 (Base: 0x20002000, Size: 0x000018f0, Max: 0x00002000, ABSOLUTE, UNINIT, COMPRESSED[0x00000040])

    Base Addr    Size         Type   Attr      Idx    E Section Name        Object

    0x20002000   0x00000004   Data   RW           13    .data               system_nrf51.o
    0x20002004   0x0000003c   Data   RW           73    .data               main.o
    0x20002040   0x0000004a   Data   RW          384    .data               ls_y201.o
    0x2000208a   0x00000002   PAD
    0x2000208c   0x0000000c   Data   RW          488    .data               pstorage.o
    0x20002098   0x0000000e   Data   RW          570    .data               app_scheduler.o
    0x200020a6   0x00000002   PAD
    0x200020a8   0x00000029   Data   RW          602    .data               app_timer.o
    0x200020d1   0x00000003   PAD
    0x200020d4   0x00000019   Data   RW          638    .data               ble_conn_params.o
    0x200020ed   0x00000003   PAD
    0x200020f0   0x00000014   Data   RW          673    .data               softdevice_handler.o
    0x20002104   0x00000020   Data   RW          734    .data               app_button.o
    0x20002124   0x0000000c   Data   RW          768    .data               app_gpiote.o
    0x20002130   0x000004c8   Zero   RW           71    .bss                main.o
    0x200025f8   0x0000027c   Zero   RW          487    .bss                pstorage.o
    0x20002874   0x0000001c   Zero   RW          637    .bss                ble_conn_params.o
    0x20002890   0x00000060   Zero   RW         1030    .bss                c_p.l(libspace.o)
    0x200028f0   0x00000800   Zero   RW            2    HEAP                arm_startup_nrf51.o
    0x200030f0   0x00000800   Zero   RW            1    STACK               arm_startup_nrf51.o


==============================================================================

Image component sizes


      Code (inc. data)   RO Data    RW Data    ZI Data      Debug   Object Name

       636         52          0         32          0       8620   app_button.o
      1132         40          0         12          0      11606   app_gpiote.o
       576         54          0         14          0      12215   app_scheduler.o
      2846        166          0         41          0      22069   app_timer.o
        84         36        192          0       4096        732   arm_startup_nrf51.o
      1536          4          0          0          0       9938   ble_advdata.o
       776         38          0         25         28      14018   ble_conn_params.o
      1676         12         16          0          0      29320   ble_lbs.o
         0          0          0          0          0       4088   ble_srv_common.o
      1634         58          0         74          0       8992   ls_y201.o
      2372        320          8         60       1224      76594   main.o
      2792         74          0         12        636      13222   pstorage.o
       318         16          0          0          0       5056   simple_uart.o
       436         54          0         20          0      36064   softdevice_handler.o
       232         30          0          4          0      21709   system_nrf51.o
       870          8          0          0          0       4254   twi_sw_master.o
       328          8          4          0          0       3148   twi_tmp_102.o

    ----------------------------------------------------------------------
     18252        970        236        304       5984     281645   Object Totals
         0          0         16          0          0          0   (incl. Generated)
         8          0          0         10          0          0   (incl. Padding)

    ----------------------------------------------------------------------

      Code (inc. data)   RO Data    RW Data    ZI Data      Debug   Library Member Name

        86          0          0          0          0          0   __dczerorl2.o
         8          0          0          0          0         68   __main.o
         0          0          0          0          0          0   __rtentry.o
        12          0          0          0          0          0   __rtentry2.o
         6          0          0          0          0          0   __rtentry4.o
        60          8          0          0          0          0   __scatter.o
       346          0          0          0          0         92   aeabi_sdiv.o
        94          0          0          0          0        152   calloc.o
        12          0          0          0          0         68   defsig_exit.o
        52          0          0          0          0         72   defsig_general.o
        80         58          0          0          0         68   defsig_rtmem_inner.o
        12          0          0          0          0         68   defsig_rtmem_outer.o
        12          0          0          0          0         64   exit.o
        98          0          0          0          0         72   h1_alloc.o
        52          0          0          0          0         68   h1_extend.o
        76          0          0          0          0         72   h1_free.o
        14          0          0          0          0         76   h1_init.o
         6          0          0          0          0        136   heapauxi.o
         4          0          0          0          0        120   hguard.o
         0          0          0          0          0          0   indicate_semi.o
       136          0          0          0          0        160   init_alloc.o
         2          0          0          0          0          0   libinit.o
        10          0          0          0          0          0   libinit2.o
         2          0          0          0          0          0   libshutdown.o
         2          0          0          0          0          0   libshutdown2.o
         8          4          0          0         96         68   libspace.o
         0          0          0          0          0          0   maybetermalloc1.o
         8          4          0          0          0         68   rt_heap_descriptor_intlibspace.o
        64          0          0          0          0        108   rt_memclr.o
       186          0          0          0          0        144   rt_memcpy.o
         2          0          0          0          0          0   rtexit.o
        10          0          0          0          0          0   rtexit2.o
        12          4          0          0          0         60   sys_exit.o
        62          0          0          0          0         80   sys_stackheap_outer.o
        12          0          0          0          0         68   sys_wrch.o
         2          0          0          0          0         68   use_no_semi.o
        48          4          0          0          0         60   cmpret.o
       348          8          0          0          0        160   faddsub.o
       100          4          0          0          0         68   fcmpin.o
        48          0          0          0          0         60   ffixui.o
        94          0          0          0          0         92   fflti.o
        84          4          0          0          0         76   flef.o
       176          4          0          0          0         80   fmul.o
        16          6          0          0          0         68   fnan2.o
        94          0          0          0          0         68   retnan.o
         0          0          0          0          0          0   usenofp.o

    ----------------------------------------------------------------------
      2564        108          0          0         96       2752   Library Totals
         8          0          0          0          0          0   (incl. Padding)

    ----------------------------------------------------------------------

      Code (inc. data)   RO Data    RW Data    ZI Data      Debug   Library Name

      1548         78          0          0         96       2020   c_p.l
      1008         30          0          0          0        732   fz_ps.l

    ----------------------------------------------------------------------
      2564        108          0          0         96       2752   Library Totals

    ----------------------------------------------------------------------

==============================================================================


      Code (inc. data)   RO Data    RW Data    ZI Data      Debug   

     20816       1078        236        304       6080     281821   Grand Totals
     20816       1078        236         64       6080     281821   ELF Image Totals (compressed)
     20816       1078        236         64          0          0   ROM Totals

==============================================================================

    Total RO  Size (Code + RO Data)                21052 (  20.56kB)
    Total RW  Size (RW Data + ZI Data)              6384 (   6.23kB)
    Total ROM Size (Code + RO Data + RW Data)      21116 (  20.62kB)

==============================================================================

